[1mTDirectoryFile  [0mJun 26 11:23  dir    "dir"                      
[1mTProfile        [0mJun 26 11:23  hprof  "Profile of pz versus px"  
[1mTH1F            [0mJun 26 11:23  hpx    "This is the px distribution"
[1mTH2F            [0mJun 26 11:23  hpxpy  "py vs px"                 
[1mTDirectoryFile  [0mJun 26 11:23  tof    "tof"
